[INFO] Scanning for projects...
[INFO] 
[INFO] ------------------< com.MusicRestApi:RestApiForMusic >------------------
[INFO] Building RestApiForMusic 0.0.1-SNAPSHOT
[INFO]   from pom.xml
[INFO] --------------------------------[ jar ]---------------------------------
[INFO] 
[INFO] >>> spring-boot:4.0.2:run (default-cli) > test-compile @ RestApiForMusic >>>
[INFO] 
[INFO] --- resources:3.3.1:resources (default-resources) @ RestApiForMusic ---
[INFO] Copying 1 resource from src/main/resources to target/classes
[INFO] Copying 0 resource from src/main/resources to target/classes
[INFO] 
[INFO] --- compiler:3.14.1:compile (default-compile) @ RestApiForMusic ---
[INFO] Nothing to compile - all classes are up to date.
[INFO] 
[INFO] --- resources:3.3.1:testResources (default-testResources) @ RestApiForMusic ---
[INFO] skip non existing resourceDirectory /Users/mahmudkhonusmonov/Desktop/RestApiForMusic/src/test/resources
[INFO] 
[INFO] --- compiler:3.14.1:testCompile (default-testCompile) @ RestApiForMusic ---
[INFO] Nothing to compile - all classes are up to date.
[INFO] 
[INFO] <<< spring-boot:4.0.2:run (default-cli) < test-compile @ RestApiForMusic <<<
[INFO] 
[INFO] 
[INFO] --- spring-boot:4.0.2:run (default-cli) @ RestApiForMusic ---
[INFO] Attaching agents: []

  .   ____          _            __ _ _
 /\\ / ___'_ __ _ _(_)_ __  __ _ \ \ \ \
( ( )\___ | '_ | '_| | '_ \/ _` | \ \ \ \
 \\/  ___)| |_)| | | | | || (_| |  ) ) ) )
  '  |____| .__|_| |_|_| |_\__, | / / / /
 =========|_|==============|___/=/_/_/_/

 :: Spring Boot ::                (v4.0.2)

2026-02-07T02:09:07.374+09:00  INFO 4619 --- [RestApiForMusic] [  restartedMain] c.M.R.RestApiForMusicApplication         : Starting RestApiForMusicApplication using Java 23.0.1 with PID 4619 (/Users/mahmudkhonusmonov/Desktop/RestApiForMusic/target/classes started by mahmudkhonusmonov in /Users/mahmudkhonusmonov/Desktop/RestApiForMusic)
2026-02-07T02:09:07.375+09:00  INFO 4619 --- [RestApiForMusic] [  restartedMain] c.M.R.RestApiForMusicApplication         : No active profile set, falling back to 1 default profile: "default"
2026-02-07T02:09:07.398+09:00  INFO 4619 --- [RestApiForMusic] [  restartedMain] .e.DevToolsPropertyDefaultsPostProcessor : Devtools property defaults active! Set 'spring.devtools.add-properties' to 'false' to disable
2026-02-07T02:09:07.398+09:00  INFO 4619 --- [RestApiForMusic] [  restartedMain] .e.DevToolsPropertyDefaultsPostProcessor : For additional web related logging consider setting the 'logging.level.web' property to 'DEBUG'
2026-02-07T02:09:07.639+09:00  INFO 4619 --- [RestApiForMusic] [  restartedMain] .s.d.r.c.RepositoryConfigurationDelegate : Bootstrapping Spring Data JPA repositories in DEFAULT mode.
2026-02-07T02:09:07.657+09:00  INFO 4619 --- [RestApiForMusic] [  restartedMain] .s.d.r.c.RepositoryConfigurationDelegate : Finished Spring Data repository scanning in 13 ms. Found 1 JPA repository interface.
2026-02-07T02:09:07.847+09:00  INFO 4619 --- [RestApiForMusic] [  restartedMain] o.s.boot.tomcat.TomcatWebServer          : Tomcat initialized with port 8080 (http)
2026-02-07T02:09:07.857+09:00  INFO 4619 --- [RestApiForMusic] [  restartedMain] o.apache.catalina.core.StandardService   : Starting service [Tomcat]
2026-02-07T02:09:07.857+09:00  INFO 4619 --- [RestApiForMusic] [  restartedMain] o.apache.catalina.core.StandardEngine    : Starting Servlet engine: [Apache Tomcat/11.0.15]
2026-02-07T02:09:07.870+09:00  INFO 4619 --- [RestApiForMusic] [  restartedMain] b.w.c.s.WebApplicationContextInitializer : Root WebApplicationContext: initialization completed in 472 ms
2026-02-07T02:09:07.913+09:00  INFO 4619 --- [RestApiForMusic] [  restartedMain] com.zaxxer.hikari.HikariDataSource       : HikariPool-1 - Starting...
2026-02-07T02:09:07.980+09:00  INFO 4619 --- [RestApiForMusic] [  restartedMain] com.zaxxer.hikari.pool.HikariPool        : HikariPool-1 - Added connection com.mysql.cj.jdbc.ConnectionImpl@25f41ad4
2026-02-07T02:09:07.981+09:00  INFO 4619 --- [RestApiForMusic] [  restartedMain] com.zaxxer.hikari.HikariDataSource       : HikariPool-1 - Start completed.
2026-02-07T02:09:08.007+09:00  INFO 4619 --- [RestApiForMusic] [  restartedMain] org.hibernate.orm.jpa                    : HHH008540: Processing PersistenceUnitInfo [name: default]
2026-02-07T02:09:08.028+09:00  INFO 4619 --- [RestApiForMusic] [  restartedMain] org.hibernate.orm.core                   : HHH000001: Hibernate ORM core version 7.2.1.Final
2026-02-07T02:09:08.210+09:00  INFO 4619 --- [RestApiForMusic] [  restartedMain] o.s.o.j.p.SpringPersistenceUnitInfo      : No LoadTimeWeaver setup: ignoring JPA class transformer
2026-02-07T02:09:08.254+09:00  INFO 4619 --- [RestApiForMusic] [  restartedMain] org.hibernate.orm.connections.pooling    : HHH10001005: Database info:
	Database JDBC URL [jdbc:mysql://localhost:3306/musicdb?useSSL=false]
	Database driver: MySQL Connector/J
	Database dialect: MySQLDialect
	Database version: 9.6
	Default catalog/schema: musicdb/undefined
	Autocommit mode: undefined/unknown
	Isolation level: REPEATABLE_READ [default REPEATABLE_READ]
	JDBC fetch size: none
	Pool: DataSourceConnectionProvider
	Minimum pool size: undefined/unknown
	Maximum pool size: undefined/unknown
2026-02-07T02:09:08.719+09:00  INFO 4619 --- [RestApiForMusic] [  restartedMain] org.hibernate.orm.core                   : HHH000489: No JTA platform available (set 'hibernate.transaction.jta.platform' to enable JTA platform integration)
2026-02-07T02:09:08.723+09:00  INFO 4619 --- [RestApiForMusic] [  restartedMain] j.LocalContainerEntityManagerFactoryBean : Initialized JPA EntityManagerFactory for persistence unit 'default'
2026-02-07T02:09:08.773+09:00  INFO 4619 --- [RestApiForMusic] [  restartedMain] o.s.d.j.r.query.QueryEnhancerFactories   : Hibernate is in classpath; If applicable, HQL parser will be used.
2026-02-07T02:09:08.839+09:00  WARN 4619 --- [RestApiForMusic] [  restartedMain] JpaBaseConfiguration$JpaWebConfiguration : spring.jpa.open-in-view is enabled by default. Therefore, database queries may be performed during view rendering. Explicitly configure spring.jpa.open-in-view to disable this warning
2026-02-07T02:09:08.958+09:00  WARN 4619 --- [RestApiForMusic] [  restartedMain] ion$DefaultTemplateResolverConfiguration : Cannot find template location: classpath:/templates/ (please add some templates, check your Thymeleaf configuration, or set spring.thymeleaf.check-template-location=false)
2026-02-07T02:09:09.100+09:00  WARN 4619 --- [RestApiForMusic] [  restartedMain] ConfigServletWebServerApplicationContext : Exception encountered during context initialization - cancelling refresh attempt: org.springframework.context.ApplicationContextException: Failed to start bean 'webServerStartStop'
2026-02-07T02:09:09.101+09:00  INFO 4619 --- [RestApiForMusic] [  restartedMain] j.LocalContainerEntityManagerFactoryBean : Closing JPA EntityManagerFactory for persistence unit 'default'
2026-02-07T02:09:09.103+09:00  INFO 4619 --- [RestApiForMusic] [  restartedMain] com.zaxxer.hikari.HikariDataSource       : HikariPool-1 - Shutdown initiated...
2026-02-07T02:09:09.106+09:00  INFO 4619 --- [RestApiForMusic] [  restartedMain] com.zaxxer.hikari.HikariDataSource       : HikariPool-1 - Shutdown completed.
2026-02-07T02:09:09.110+09:00  INFO 4619 --- [RestApiForMusic] [  restartedMain] .s.b.a.l.ConditionEvaluationReportLogger : 

Error starting ApplicationContext. To display the condition evaluation report re-run your application with 'debug' enabled.
2026-02-07T02:09:09.116+09:00 ERROR 4619 --- [RestApiForMusic] [  restartedMain] o.s.b.d.LoggingFailureAnalysisReporter   : 

***************************
APPLICATION FAILED TO START
***************************

Description:

Web server failed to start. Port 8080 was already in use.

Action:

Identify and stop the process that's listening on port 8080 or configure this application to listen on another port.

[INFO] ------------------------------------------------------------------------
[INFO] BUILD SUCCESS
[INFO] ------------------------------------------------------------------------
[INFO] Total time:  2.922 s
[INFO] Finished at: 2026-02-07T02:09:09+09:00
[INFO] ------------------------------------------------------------------------
