[INFO] Scanning for projects...
[INFO] 
[INFO] ------------------< com.MusicRestApi:RestApiForMusic >------------------
[INFO] Building RestApiForMusic 0.0.1-SNAPSHOT
[INFO]   from pom.xml
[INFO] --------------------------------[ jar ]---------------------------------
[INFO] 
[INFO] >>> spring-boot:4.0.2:run (default-cli) > test-compile @ RestApiForMusic >>>
[INFO] 
[INFO] --- resources:3.3.1:resources (default-resources) @ RestApiForMusic ---
[INFO] Copying 1 resource from src/main/resources to target/classes
[INFO] Copying 0 resource from src/main/resources to target/classes
[INFO] 
[INFO] --- compiler:3.14.1:compile (default-compile) @ RestApiForMusic ---
[INFO] Nothing to compile - all classes are up to date.
[INFO] 
[INFO] --- resources:3.3.1:testResources (default-testResources) @ RestApiForMusic ---
[INFO] skip non existing resourceDirectory /Users/mahmudkhonusmonov/Desktop/RestApiForMusic/src/test/resources
[INFO] 
[INFO] --- compiler:3.14.1:testCompile (default-testCompile) @ RestApiForMusic ---
[INFO] Nothing to compile - all classes are up to date.
[INFO] 
[INFO] <<< spring-boot:4.0.2:run (default-cli) < test-compile @ RestApiForMusic <<<
[INFO] 
[INFO] 
[INFO] --- spring-boot:4.0.2:run (default-cli) @ RestApiForMusic ---
[INFO] Attaching agents: []

  .   ____          _            __ _ _
 /\\ / ___'_ __ _ _(_)_ __  __ _ \ \ \ \
( ( )\___ | '_ | '_| | '_ \/ _` | \ \ \ \
 \\/  ___)| |_)| | | | | || (_| |  ) ) ) )
  '  |____| .__|_| |_|_| |_\__, | / / / /
 =========|_|==============|___/=/_/_/_/

 :: Spring Boot ::                (v4.0.2)

2026-02-07T02:09:58.124+09:00  INFO 5308 --- [RestApiForMusic] [  restartedMain] c.M.R.RestApiForMusicApplication         : Starting RestApiForMusicApplication using Java 23.0.1 with PID 5308 (/Users/mahmudkhonusmonov/Desktop/RestApiForMusic/target/classes started by mahmudkhonusmonov in /Users/mahmudkhonusmonov/Desktop/RestApiForMusic)
2026-02-07T02:09:58.125+09:00  INFO 5308 --- [RestApiForMusic] [  restartedMain] c.M.R.RestApiForMusicApplication         : No active profile set, falling back to 1 default profile: "default"
2026-02-07T02:09:58.146+09:00  INFO 5308 --- [RestApiForMusic] [  restartedMain] .e.DevToolsPropertyDefaultsPostProcessor : Devtools property defaults active! Set 'spring.devtools.add-properties' to 'false' to disable
2026-02-07T02:09:58.146+09:00  INFO 5308 --- [RestApiForMusic] [  restartedMain] .e.DevToolsPropertyDefaultsPostProcessor : For additional web related logging consider setting the 'logging.level.web' property to 'DEBUG'
2026-02-07T02:09:58.389+09:00  INFO 5308 --- [RestApiForMusic] [  restartedMain] .s.d.r.c.RepositoryConfigurationDelegate : Bootstrapping Spring Data JPA repositories in DEFAULT mode.
2026-02-07T02:09:58.406+09:00  INFO 5308 --- [RestApiForMusic] [  restartedMain] .s.d.r.c.RepositoryConfigurationDelegate : Finished Spring Data repository scanning in 13 ms. Found 1 JPA repository interface.
2026-02-07T02:09:58.619+09:00  INFO 5308 --- [RestApiForMusic] [  restartedMain] o.s.boot.tomcat.TomcatWebServer          : Tomcat initialized with port 8080 (http)
2026-02-07T02:09:58.628+09:00  INFO 5308 --- [RestApiForMusic] [  restartedMain] o.apache.catalina.core.StandardService   : Starting service [Tomcat]
2026-02-07T02:09:58.628+09:00  INFO 5308 --- [RestApiForMusic] [  restartedMain] o.apache.catalina.core.StandardEngine    : Starting Servlet engine: [Apache Tomcat/11.0.15]
2026-02-07T02:09:58.642+09:00  INFO 5308 --- [RestApiForMusic] [  restartedMain] b.w.c.s.WebApplicationContextInitializer : Root WebApplicationContext: initialization completed in 495 ms
2026-02-07T02:09:58.691+09:00  INFO 5308 --- [RestApiForMusic] [  restartedMain] com.zaxxer.hikari.HikariDataSource       : HikariPool-1 - Starting...
2026-02-07T02:09:58.767+09:00  INFO 5308 --- [RestApiForMusic] [  restartedMain] com.zaxxer.hikari.pool.HikariPool        : HikariPool-1 - Added connection com.mysql.cj.jdbc.ConnectionImpl@558e3f12
2026-02-07T02:09:58.767+09:00  INFO 5308 --- [RestApiForMusic] [  restartedMain] com.zaxxer.hikari.HikariDataSource       : HikariPool-1 - Start completed.
2026-02-07T02:09:58.793+09:00  INFO 5308 --- [RestApiForMusic] [  restartedMain] org.hibernate.orm.jpa                    : HHH008540: Processing PersistenceUnitInfo [name: default]
2026-02-07T02:09:58.809+09:00  INFO 5308 --- [RestApiForMusic] [  restartedMain] org.hibernate.orm.core                   : HHH000001: Hibernate ORM core version 7.2.1.Final
2026-02-07T02:09:58.980+09:00  INFO 5308 --- [RestApiForMusic] [  restartedMain] o.s.o.j.p.SpringPersistenceUnitInfo      : No LoadTimeWeaver setup: ignoring JPA class transformer
2026-02-07T02:09:59.027+09:00  INFO 5308 --- [RestApiForMusic] [  restartedMain] org.hibernate.orm.connections.pooling    : HHH10001005: Database info:
	Database JDBC URL [jdbc:mysql://localhost:3306/musicdb?useSSL=false]
	Database driver: MySQL Connector/J
	Database dialect: MySQLDialect
	Database version: 9.6
	Default catalog/schema: musicdb/undefined
	Autocommit mode: undefined/unknown
	Isolation level: REPEATABLE_READ [default REPEATABLE_READ]
	JDBC fetch size: none
	Pool: DataSourceConnectionProvider
	Minimum pool size: undefined/unknown
	Maximum pool size: undefined/unknown
2026-02-07T02:09:59.333+09:00  INFO 5308 --- [RestApiForMusic] [  restartedMain] org.hibernate.orm.core                   : HHH000489: No JTA platform available (set 'hibernate.transaction.jta.platform' to enable JTA platform integration)
2026-02-07T02:09:59.338+09:00  INFO 5308 --- [RestApiForMusic] [  restartedMain] j.LocalContainerEntityManagerFactoryBean : Initialized JPA EntityManagerFactory for persistence unit 'default'
2026-02-07T02:09:59.392+09:00  INFO 5308 --- [RestApiForMusic] [  restartedMain] o.s.d.j.r.query.QueryEnhancerFactories   : Hibernate is in classpath; If applicable, HQL parser will be used.
2026-02-07T02:09:59.455+09:00  WARN 5308 --- [RestApiForMusic] [  restartedMain] JpaBaseConfiguration$JpaWebConfiguration : spring.jpa.open-in-view is enabled by default. Therefore, database queries may be performed during view rendering. Explicitly configure spring.jpa.open-in-view to disable this warning
2026-02-07T02:09:59.556+09:00  WARN 5308 --- [RestApiForMusic] [  restartedMain] ion$DefaultTemplateResolverConfiguration : Cannot find template location: classpath:/templates/ (please add some templates, check your Thymeleaf configuration, or set spring.thymeleaf.check-template-location=false)
2026-02-07T02:09:59.667+09:00  INFO 5308 --- [RestApiForMusic] [  restartedMain] o.s.boot.tomcat.TomcatWebServer          : Tomcat started on port 8080 (http) with context path '/'
2026-02-07T02:09:59.671+09:00  INFO 5308 --- [RestApiForMusic] [  restartedMain] c.M.R.RestApiForMusicApplication         : Started RestApiForMusicApplication in 1.683 seconds (process running for 1.857)
2026-02-07T02:10:00.290+09:00 ERROR 5308 --- [RestApiForMusic] [pring-session-1] o.s.s.s.TaskUtils$LoggingErrorHandler    : Unexpected error occurred in scheduled task

org.springframework.jdbc.BadSqlGrammarException: PreparedStatementCallback; bad SQL grammar [DELETE FROM SPRING_SESSION
WHERE EXPIRY_TIME < ?
]
	at org.springframework.jdbc.support.SQLErrorCodeSQLExceptionTranslator.doTranslate(SQLErrorCodeSQLExceptionTranslator.java:244) ~[spring-jdbc-7.0.3.jar:7.0.3]
	at org.springframework.jdbc.support.AbstractFallbackSQLExceptionTranslator.translate(AbstractFallbackSQLExceptionTranslator.java:102) ~[spring-jdbc-7.0.3.jar:7.0.3]
	at org.springframework.jdbc.core.JdbcTemplate.translateException(JdbcTemplate.java:1549) ~[spring-jdbc-7.0.3.jar:7.0.3]
	at org.springframework.jdbc.core.JdbcTemplate.execute(JdbcTemplate.java:689) ~[spring-jdbc-7.0.3.jar:7.0.3]
	at org.springframework.jdbc.core.JdbcTemplate.update(JdbcTemplate.java:966) ~[spring-jdbc-7.0.3.jar:7.0.3]
	at org.springframework.jdbc.core.JdbcTemplate.update(JdbcTemplate.java:1010) ~[spring-jdbc-7.0.3.jar:7.0.3]
	at org.springframework.jdbc.core.JdbcTemplate.update(JdbcTemplate.java:1020) ~[spring-jdbc-7.0.3.jar:7.0.3]
	at org.springframework.session.jdbc.JdbcIndexedSessionRepository.lambda$cleanUpExpiredSessions$8(JdbcIndexedSessionRepository.java:649) ~[spring-session-jdbc-4.0.1.jar:4.0.1]
	at org.springframework.transaction.support.TransactionTemplate.execute(TransactionTemplate.java:137) ~[spring-tx-7.0.3.jar:7.0.3]
	at org.springframework.session.jdbc.JdbcIndexedSessionRepository.cleanUpExpiredSessions(JdbcIndexedSessionRepository.java:648) ~[spring-session-jdbc-4.0.1.jar:4.0.1]
	at org.springframework.scheduling.support.DelegatingErrorHandlingRunnable.run(DelegatingErrorHandlingRunnable.java:54) ~[spring-context-7.0.3.jar:7.0.3]
	at org.springframework.scheduling.concurrent.ReschedulingRunnable.run(ReschedulingRunnable.java:94) ~[spring-context-7.0.3.jar:7.0.3]
	at java.base/java.util.concurrent.Executors$RunnableAdapter.call(Executors.java:572) ~[na:na]
	at java.base/java.util.concurrent.FutureTask.run(FutureTask.java:317) ~[na:na]
	at java.base/java.util.concurrent.ScheduledThreadPoolExecutor$ScheduledFutureTask.run(ScheduledThreadPoolExecutor.java:304) ~[na:na]
	at java.base/java.util.concurrent.ThreadPoolExecutor.runWorker(ThreadPoolExecutor.java:1144) ~[na:na]
	at java.base/java.util.concurrent.ThreadPoolExecutor$Worker.run(ThreadPoolExecutor.java:642) ~[na:na]
	at java.base/java.lang.Thread.run(Thread.java:1575) ~[na:na]
Caused by: java.sql.SQLSyntaxErrorException: Table 'musicdb.spring_session' doesn't exist
	at com.mysql.cj.jdbc.exceptions.SQLError.createSQLException(SQLError.java:112) ~[mysql-connector-j-9.5.0.jar:9.5.0]
	at com.mysql.cj.jdbc.exceptions.SQLExceptionsMapping.translateException(SQLExceptionsMapping.java:114) ~[mysql-connector-j-9.5.0.jar:9.5.0]
	at com.mysql.cj.jdbc.ClientPreparedStatement.executeInternal(ClientPreparedStatement.java:988) ~[mysql-connector-j-9.5.0.jar:9.5.0]
	at com.mysql.cj.jdbc.ClientPreparedStatement.executeUpdateInternal(ClientPreparedStatement.java:1166) ~[mysql-connector-j-9.5.0.jar:9.5.0]
	at com.mysql.cj.jdbc.ClientPreparedStatement.executeUpdateInternal(ClientPreparedStatement.java:1101) ~[mysql-connector-j-9.5.0.jar:9.5.0]
	at com.mysql.cj.jdbc.ClientPreparedStatement.executeLargeUpdate(ClientPreparedStatement.java:1448) ~[mysql-connector-j-9.5.0.jar:9.5.0]
	at com.mysql.cj.jdbc.ClientPreparedStatement.executeUpdate(ClientPreparedStatement.java:1084) ~[mysql-connector-j-9.5.0.jar:9.5.0]
	at com.zaxxer.hikari.pool.ProxyPreparedStatement.executeUpdate(ProxyPreparedStatement.java:61) ~[HikariCP-7.0.2.jar:na]
	at com.zaxxer.hikari.pool.HikariProxyPreparedStatement.executeUpdate(HikariProxyPreparedStatement.java) ~[HikariCP-7.0.2.jar:na]
	at org.springframework.jdbc.core.JdbcTemplate.lambda$update$0(JdbcTemplate.java:971) ~[spring-jdbc-7.0.3.jar:7.0.3]
	at org.springframework.jdbc.core.JdbcTemplate.execute(JdbcTemplate.java:670) ~[spring-jdbc-7.0.3.jar:7.0.3]
	... 14 common frames omitted

2026-02-07T02:10:56.370+09:00  INFO 5308 --- [RestApiForMusic] [   File Watcher] rtingClassPathChangeChangedEventListener : Restarting due to 1 class path change (0 additions, 0 deletions, 1 modification)
2026-02-07T02:10:56.374+09:00  INFO 5308 --- [RestApiForMusic] [       Thread-1] o.s.boot.tomcat.GracefulShutdown         : Commencing graceful shutdown. Waiting for active requests to complete
2026-02-07T02:10:56.377+09:00  INFO 5308 --- [RestApiForMusic] [tomcat-shutdown] o.s.boot.tomcat.GracefulShutdown         : Graceful shutdown complete
2026-02-07T02:10:56.382+09:00  INFO 5308 --- [RestApiForMusic] [       Thread-1] j.LocalContainerEntityManagerFactoryBean : Closing JPA EntityManagerFactory for persistence unit 'default'
2026-02-07T02:10:56.385+09:00  INFO 5308 --- [RestApiForMusic] [       Thread-1] com.zaxxer.hikari.HikariDataSource       : HikariPool-1 - Shutdown initiated...
2026-02-07T02:10:56.389+09:00  INFO 5308 --- [RestApiForMusic] [       Thread-1] com.zaxxer.hikari.HikariDataSource       : HikariPool-1 - Shutdown completed.

  .   ____          _            __ _ _
 /\\ / ___'_ __ _ _(_)_ __  __ _ \ \ \ \
( ( )\___ | '_ | '_| | '_ \/ _` | \ \ \ \
 \\/  ___)| |_)| | | | | || (_| |  ) ) ) )
  '  |____| .__|_| |_|_| |_\__, | / / / /
 =========|_|==============|___/=/_/_/_/

 :: Spring Boot ::                (v4.0.2)

2026-02-07T02:10:56.442+09:00  INFO 5308 --- [RestApiForMusic] [  restartedMain] c.M.R.RestApiForMusicApplication         : Starting RestApiForMusicApplication using Java 23.0.1 with PID 5308 (/Users/mahmudkhonusmonov/Desktop/RestApiForMusic/target/classes started by mahmudkhonusmonov in /Users/mahmudkhonusmonov/Desktop/RestApiForMusic)
2026-02-07T02:10:56.442+09:00  INFO 5308 --- [RestApiForMusic] [  restartedMain] c.M.R.RestApiForMusicApplication         : No active profile set, falling back to 1 default profile: "default"
2026-02-07T02:10:56.488+09:00  INFO 5308 --- [RestApiForMusic] [  restartedMain] .s.d.r.c.RepositoryConfigurationDelegate : Bootstrapping Spring Data JPA repositories in DEFAULT mode.
2026-02-07T02:10:56.492+09:00  INFO 5308 --- [RestApiForMusic] [  restartedMain] .s.d.r.c.RepositoryConfigurationDelegate : Finished Spring Data repository scanning in 2 ms. Found 1 JPA repository interface.
2026-02-07T02:10:56.525+09:00  INFO 5308 --- [RestApiForMusic] [  restartedMain] o.s.boot.tomcat.TomcatWebServer          : Tomcat initialized with port 8080 (http)
2026-02-07T02:10:56.526+09:00  INFO 5308 --- [RestApiForMusic] [  restartedMain] o.apache.catalina.core.StandardService   : Starting service [Tomcat]
2026-02-07T02:10:56.526+09:00  INFO 5308 --- [RestApiForMusic] [  restartedMain] o.apache.catalina.core.StandardEngine    : Starting Servlet engine: [Apache Tomcat/11.0.15]
2026-02-07T02:10:56.529+09:00  INFO 5308 --- [RestApiForMusic] [  restartedMain] b.w.c.s.WebApplicationContextInitializer : Root WebApplicationContext: initialization completed in 86 ms
2026-02-07T02:10:56.543+09:00  INFO 5308 --- [RestApiForMusic] [  restartedMain] com.zaxxer.hikari.HikariDataSource       : HikariPool-2 - Starting...
2026-02-07T02:10:56.547+09:00  INFO 5308 --- [RestApiForMusic] [  restartedMain] com.zaxxer.hikari.pool.HikariPool        : HikariPool-2 - Added connection com.mysql.cj.jdbc.ConnectionImpl@763679cb
2026-02-07T02:10:56.547+09:00  INFO 5308 --- [RestApiForMusic] [  restartedMain] com.zaxxer.hikari.HikariDataSource       : HikariPool-2 - Start completed.
2026-02-07T02:10:56.552+09:00  INFO 5308 --- [RestApiForMusic] [  restartedMain] org.hibernate.orm.jpa                    : HHH008540: Processing PersistenceUnitInfo [name: default]
2026-02-07T02:10:56.561+09:00  INFO 5308 --- [RestApiForMusic] [  restartedMain] o.s.o.j.p.SpringPersistenceUnitInfo      : No LoadTimeWeaver setup: ignoring JPA class transformer
2026-02-07T02:10:56.562+09:00  INFO 5308 --- [RestApiForMusic] [  restartedMain] org.hibernate.orm.connections.pooling    : HHH10001005: Database info:
	Database JDBC URL [jdbc:mysql://localhost:3306/musicdb?useSSL=false]
	Database driver: MySQL Connector/J
	Database dialect: MySQLDialect
	Database version: 9.6
	Default catalog/schema: musicdb/undefined
	Autocommit mode: undefined/unknown
	Isolation level: REPEATABLE_READ [default REPEATABLE_READ]
	JDBC fetch size: none
	Pool: DataSourceConnectionProvider
	Minimum pool size: undefined/unknown
	Maximum pool size: undefined/unknown
2026-02-07T02:10:56.588+09:00  INFO 5308 --- [RestApiForMusic] [  restartedMain] org.hibernate.orm.core                   : HHH000489: No JTA platform available (set 'hibernate.transaction.jta.platform' to enable JTA platform integration)
2026-02-07T02:10:56.588+09:00  INFO 5308 --- [RestApiForMusic] [  restartedMain] j.LocalContainerEntityManagerFactoryBean : Initialized JPA EntityManagerFactory for persistence unit 'default'
2026-02-07T02:10:56.617+09:00  WARN 5308 --- [RestApiForMusic] [  restartedMain] JpaBaseConfiguration$JpaWebConfiguration : spring.jpa.open-in-view is enabled by default. Therefore, database queries may be performed during view rendering. Explicitly configure spring.jpa.open-in-view to disable this warning
2026-02-07T02:10:56.645+09:00  WARN 5308 --- [RestApiForMusic] [  restartedMain] ion$DefaultTemplateResolverConfiguration : Cannot find template location: classpath:/templates/ (please add some templates, check your Thymeleaf configuration, or set spring.thymeleaf.check-template-location=false)
2026-02-07T02:10:56.664+09:00  INFO 5308 --- [RestApiForMusic] [  restartedMain] o.s.boot.tomcat.TomcatWebServer          : Tomcat started on port 8080 (http) with context path '/'
2026-02-07T02:10:56.666+09:00  INFO 5308 --- [RestApiForMusic] [  restartedMain] c.M.R.RestApiForMusicApplication         : Started RestApiForMusicApplication in 0.237 seconds (process running for 58.852)
2026-02-07T02:10:56.667+09:00  INFO 5308 --- [RestApiForMusic] [  restartedMain] .ConditionEvaluationDeltaLoggingListener : Condition evaluation unchanged
2026-02-07T02:10:59.070+09:00  INFO 5308 --- [RestApiForMusic] [   File Watcher] rtingClassPathChangeChangedEventListener : Restarting due to 1 class path change (0 additions, 0 deletions, 1 modification)
2026-02-07T02:10:59.070+09:00  INFO 5308 --- [RestApiForMusic] [       Thread-5] o.s.boot.tomcat.GracefulShutdown         : Commencing graceful shutdown. Waiting for active requests to complete
2026-02-07T02:10:59.071+09:00  INFO 5308 --- [RestApiForMusic] [tomcat-shutdown] o.s.boot.tomcat.GracefulShutdown         : Graceful shutdown complete
2026-02-07T02:10:59.072+09:00  INFO 5308 --- [RestApiForMusic] [       Thread-5] j.LocalContainerEntityManagerFactoryBean : Closing JPA EntityManagerFactory for persistence unit 'default'
2026-02-07T02:10:59.073+09:00  INFO 5308 --- [RestApiForMusic] [       Thread-5] com.zaxxer.hikari.HikariDataSource       : HikariPool-2 - Shutdown initiated...
2026-02-07T02:10:59.073+09:00  INFO 5308 --- [RestApiForMusic] [       Thread-5] com.zaxxer.hikari.HikariDataSource       : HikariPool-2 - Shutdown completed.

  .   ____          _            __ _ _
 /\\ / ___'_ __ _ _(_)_ __  __ _ \ \ \ \
( ( )\___ | '_ | '_| | '_ \/ _` | \ \ \ \
 \\/  ___)| |_)| | | | | || (_| |  ) ) ) )
  '  |____| .__|_| |_|_| |_\__, | / / / /
 =========|_|==============|___/=/_/_/_/

 :: Spring Boot ::                (v4.0.2)

2026-02-07T02:10:59.122+09:00  INFO 5308 --- [RestApiForMusic] [  restartedMain] c.M.R.RestApiForMusicApplication         : Starting RestApiForMusicApplication using Java 23.0.1 with PID 5308 (/Users/mahmudkhonusmonov/Desktop/RestApiForMusic/target/classes started by mahmudkhonusmonov in /Users/mahmudkhonusmonov/Desktop/RestApiForMusic)
2026-02-07T02:10:59.122+09:00  INFO 5308 --- [RestApiForMusic] [  restartedMain] c.M.R.RestApiForMusicApplication         : No active profile set, falling back to 1 default profile: "default"
2026-02-07T02:10:59.170+09:00  INFO 5308 --- [RestApiForMusic] [  restartedMain] .s.d.r.c.RepositoryConfigurationDelegate : Bootstrapping Spring Data JPA repositories in DEFAULT mode.
2026-02-07T02:10:59.172+09:00  INFO 5308 --- [RestApiForMusic] [  restartedMain] .s.d.r.c.RepositoryConfigurationDelegate : Finished Spring Data repository scanning in 1 ms. Found 1 JPA repository interface.
2026-02-07T02:10:59.204+09:00  INFO 5308 --- [RestApiForMusic] [  restartedMain] o.s.boot.tomcat.TomcatWebServer          : Tomcat initialized with port 8080 (http)
2026-02-07T02:10:59.204+09:00  INFO 5308 --- [RestApiForMusic] [  restartedMain] o.apache.catalina.core.StandardService   : Starting service [Tomcat]
2026-02-07T02:10:59.204+09:00  INFO 5308 --- [RestApiForMusic] [  restartedMain] o.apache.catalina.core.StandardEngine    : Starting Servlet engine: [Apache Tomcat/11.0.15]
2026-02-07T02:10:59.208+09:00  INFO 5308 --- [RestApiForMusic] [  restartedMain] b.w.c.s.WebApplicationContextInitializer : Root WebApplicationContext: initialization completed in 85 ms
2026-02-07T02:10:59.220+09:00  INFO 5308 --- [RestApiForMusic] [  restartedMain] com.zaxxer.hikari.HikariDataSource       : HikariPool-3 - Starting...
2026-02-07T02:10:59.223+09:00  INFO 5308 --- [RestApiForMusic] [  restartedMain] com.zaxxer.hikari.pool.HikariPool        : HikariPool-3 - Added connection com.mysql.cj.jdbc.ConnectionImpl@5128e075
2026-02-07T02:10:59.223+09:00  INFO 5308 --- [RestApiForMusic] [  restartedMain] com.zaxxer.hikari.HikariDataSource       : HikariPool-3 - Start completed.
2026-02-07T02:10:59.297+09:00  INFO 5308 --- [RestApiForMusic] [  restartedMain] org.hibernate.orm.jpa                    : HHH008540: Processing PersistenceUnitInfo [name: default]
2026-02-07T02:10:59.306+09:00  INFO 5308 --- [RestApiForMusic] [  restartedMain] o.s.o.j.p.SpringPersistenceUnitInfo      : No LoadTimeWeaver setup: ignoring JPA class transformer
2026-02-07T02:10:59.307+09:00  INFO 5308 --- [RestApiForMusic] [  restartedMain] org.hibernate.orm.connections.pooling    : HHH10001005: Database info:
	Database JDBC URL [jdbc:mysql://localhost:3306/musicdb?useSSL=false]
	Database driver: MySQL Connector/J
	Database dialect: MySQLDialect
	Database version: 9.6
	Default catalog/schema: musicdb/undefined
	Autocommit mode: undefined/unknown
	Isolation level: REPEATABLE_READ [default REPEATABLE_READ]
	JDBC fetch size: none
	Pool: DataSourceConnectionProvider
	Minimum pool size: undefined/unknown
	Maximum pool size: undefined/unknown
2026-02-07T02:10:59.319+09:00  INFO 5308 --- [RestApiForMusic] [  restartedMain] org.hibernate.orm.core                   : HHH000489: No JTA platform available (set 'hibernate.transaction.jta.platform' to enable JTA platform integration)
2026-02-07T02:10:59.320+09:00  INFO 5308 --- [RestApiForMusic] [  restartedMain] j.LocalContainerEntityManagerFactoryBean : Initialized JPA EntityManagerFactory for persistence unit 'default'
2026-02-07T02:10:59.342+09:00  WARN 5308 --- [RestApiForMusic] [  restartedMain] JpaBaseConfiguration$JpaWebConfiguration : spring.jpa.open-in-view is enabled by default. Therefore, database queries may be performed during view rendering. Explicitly configure spring.jpa.open-in-view to disable this warning
2026-02-07T02:10:59.373+09:00  WARN 5308 --- [RestApiForMusic] [  restartedMain] ion$DefaultTemplateResolverConfiguration : Cannot find template location: classpath:/templates/ (please add some templates, check your Thymeleaf configuration, or set spring.thymeleaf.check-template-location=false)
2026-02-07T02:10:59.395+09:00  INFO 5308 --- [RestApiForMusic] [  restartedMain] o.s.boot.tomcat.TomcatWebServer          : Tomcat started on port 8080 (http) with context path '/'
2026-02-07T02:10:59.396+09:00  INFO 5308 --- [RestApiForMusic] [  restartedMain] c.M.R.RestApiForMusicApplication         : Started RestApiForMusicApplication in 0.286 seconds (process running for 61.582)
2026-02-07T02:10:59.397+09:00  INFO 5308 --- [RestApiForMusic] [  restartedMain] .ConditionEvaluationDeltaLoggingListener : Condition evaluation unchanged
2026-02-07T02:11:21.339+09:00  INFO 5308 --- [RestApiForMusic] [   File Watcher] rtingClassPathChangeChangedEventListener : Restarting due to 2 class path changes (0 additions, 0 deletions, 2 modifications)
2026-02-07T02:11:21.340+09:00  INFO 5308 --- [RestApiForMusic] [       Thread-9] o.s.boot.tomcat.GracefulShutdown         : Commencing graceful shutdown. Waiting for active requests to complete
2026-02-07T02:11:21.342+09:00  INFO 5308 --- [RestApiForMusic] [tomcat-shutdown] o.s.boot.tomcat.GracefulShutdown         : Graceful shutdown complete
2026-02-07T02:11:21.343+09:00  INFO 5308 --- [RestApiForMusic] [       Thread-9] j.LocalContainerEntityManagerFactoryBean : Closing JPA EntityManagerFactory for persistence unit 'default'
2026-02-07T02:11:21.344+09:00  INFO 5308 --- [RestApiForMusic] [       Thread-9] com.zaxxer.hikari.HikariDataSource       : HikariPool-3 - Shutdown initiated...
2026-02-07T02:11:21.345+09:00  INFO 5308 --- [RestApiForMusic] [       Thread-9] com.zaxxer.hikari.HikariDataSource       : HikariPool-3 - Shutdown completed.

  .   ____          _            __ _ _
 /\\ / ___'_ __ _ _(_)_ __  __ _ \ \ \ \
( ( )\___ | '_ | '_| | '_ \/ _` | \ \ \ \
 \\/  ___)| |_)| | | | | || (_| |  ) ) ) )
  '  |____| .__|_| |_|_| |_\__, | / / / /
 =========|_|==============|___/=/_/_/_/

 :: Spring Boot ::                (v4.0.2)

2026-02-07T02:11:21.387+09:00  INFO 5308 --- [RestApiForMusic] [  restartedMain] c.M.R.RestApiForMusicApplication         : Starting RestApiForMusicApplication using Java 23.0.1 with PID 5308 (/Users/mahmudkhonusmonov/Desktop/RestApiForMusic/target/classes started by mahmudkhonusmonov in /Users/mahmudkhonusmonov/Desktop/RestApiForMusic)
2026-02-07T02:11:21.387+09:00  INFO 5308 --- [RestApiForMusic] [  restartedMain] c.M.R.RestApiForMusicApplication         : No active profile set, falling back to 1 default profile: "default"
2026-02-07T02:11:21.442+09:00  INFO 5308 --- [RestApiForMusic] [  restartedMain] .s.d.r.c.RepositoryConfigurationDelegate : Bootstrapping Spring Data JPA repositories in DEFAULT mode.
2026-02-07T02:11:21.444+09:00  INFO 5308 --- [RestApiForMusic] [  restartedMain] .s.d.r.c.RepositoryConfigurationDelegate : Finished Spring Data repository scanning in 1 ms. Found 1 JPA repository interface.
2026-02-07T02:11:21.495+09:00  INFO 5308 --- [RestApiForMusic] [  restartedMain] o.s.boot.tomcat.TomcatWebServer          : Tomcat initialized with port 8080 (http)
2026-02-07T02:11:21.496+09:00  INFO 5308 --- [RestApiForMusic] [  restartedMain] o.apache.catalina.core.StandardService   : Starting service [Tomcat]
2026-02-07T02:11:21.496+09:00  INFO 5308 --- [RestApiForMusic] [  restartedMain] o.apache.catalina.core.StandardEngine    : Starting Servlet engine: [Apache Tomcat/11.0.15]
2026-02-07T02:11:21.502+09:00  INFO 5308 --- [RestApiForMusic] [  restartedMain] b.w.c.s.WebApplicationContextInitializer : Root WebApplicationContext: initialization completed in 114 ms
2026-02-07T02:11:21.528+09:00  INFO 5308 --- [RestApiForMusic] [  restartedMain] com.zaxxer.hikari.HikariDataSource       : HikariPool-4 - Starting...
2026-02-07T02:11:21.536+09:00  INFO 5308 --- [RestApiForMusic] [  restartedMain] com.zaxxer.hikari.pool.HikariPool        : HikariPool-4 - Added connection com.mysql.cj.jdbc.ConnectionImpl@7abf231e
2026-02-07T02:11:21.537+09:00  INFO 5308 --- [RestApiForMusic] [  restartedMain] com.zaxxer.hikari.HikariDataSource       : HikariPool-4 - Start completed.
2026-02-07T02:11:21.548+09:00  INFO 5308 --- [RestApiForMusic] [  restartedMain] org.hibernate.orm.jpa                    : HHH008540: Processing PersistenceUnitInfo [name: default]
2026-02-07T02:11:21.559+09:00  INFO 5308 --- [RestApiForMusic] [  restartedMain] o.s.o.j.p.SpringPersistenceUnitInfo      : No LoadTimeWeaver setup: ignoring JPA class transformer
2026-02-07T02:11:21.560+09:00  INFO 5308 --- [RestApiForMusic] [  restartedMain] org.hibernate.orm.connections.pooling    : HHH10001005: Database info:
	Database JDBC URL [jdbc:mysql://localhost:3306/musicdb?useSSL=false]
	Database driver: MySQL Connector/J
	Database dialect: MySQLDialect
	Database version: 9.6
	Default catalog/schema: musicdb/undefined
	Autocommit mode: undefined/unknown
	Isolation level: REPEATABLE_READ [default REPEATABLE_READ]
	JDBC fetch size: none
	Pool: DataSourceConnectionProvider
	Minimum pool size: undefined/unknown
	Maximum pool size: undefined/unknown
2026-02-07T02:11:21.575+09:00  INFO 5308 --- [RestApiForMusic] [  restartedMain] org.hibernate.orm.core                   : HHH000489: No JTA platform available (set 'hibernate.transaction.jta.platform' to enable JTA platform integration)
2026-02-07T02:11:21.575+09:00  INFO 5308 --- [RestApiForMusic] [  restartedMain] j.LocalContainerEntityManagerFactoryBean : Initialized JPA EntityManagerFactory for persistence unit 'default'
2026-02-07T02:11:21.599+09:00  WARN 5308 --- [RestApiForMusic] [  restartedMain] JpaBaseConfiguration$JpaWebConfiguration : spring.jpa.open-in-view is enabled by default. Therefore, database queries may be performed during view rendering. Explicitly configure spring.jpa.open-in-view to disable this warning
2026-02-07T02:11:21.626+09:00  WARN 5308 --- [RestApiForMusic] [  restartedMain] ion$DefaultTemplateResolverConfiguration : Cannot find template location: classpath:/templates/ (please add some templates, check your Thymeleaf configuration, or set spring.thymeleaf.check-template-location=false)
2026-02-07T02:11:21.645+09:00  INFO 5308 --- [RestApiForMusic] [  restartedMain] o.s.boot.tomcat.TomcatWebServer          : Tomcat started on port 8080 (http) with context path '/'
2026-02-07T02:11:21.647+09:00  INFO 5308 --- [RestApiForMusic] [  restartedMain] c.M.R.RestApiForMusicApplication         : Started RestApiForMusicApplication in 0.271 seconds (process running for 83.833)
2026-02-07T02:11:21.648+09:00  INFO 5308 --- [RestApiForMusic] [  restartedMain] .ConditionEvaluationDeltaLoggingListener : Condition evaluation unchanged
[INFO] ------------------------------------------------------------------------
[INFO] BUILD FAILURE
[INFO] ------------------------------------------------------------------------
[INFO] Total time:  02:14 min
[INFO] Finished at: 2026-02-07T02:12:11+09:00
[INFO] ------------------------------------------------------------------------
[ERROR] Failed to execute goal org.springframework.boot:spring-boot-maven-plugin:4.0.2:run (default-cli) on project RestApiForMusic: Process terminated with exit code: 137 -> [Help 1]
[ERROR] 
[ERROR] To see the full stack trace of the errors, re-run Maven with the -e switch.
[ERROR] Re-run Maven using the -X switch to enable full debug logging.
[ERROR] 
[ERROR] For more information about the errors and possible solutions, please read the following articles:
[ERROR] [Help 1] http://cwiki.apache.org/confluence/display/MAVEN/MojoExecutionException
